Watching for file changes with StatReloader
[27/Apr/2026 20:42:19] "GET /api/tenants/ HTTP/1.1" 200 1266
[27/Apr/2026 20:42:19,960] - Broken pipe from ('127.0.0.1', 5187)
[27/Apr/2026 20:42:29] "GET /api/tenants/ HTTP/1.1" 200 1266
[27/Apr/2026 20:42:29] "GET /api/sites/by-slug/gulasal/ HTTP/1.1" 200 530
[27/Apr/2026 20:42:29,394] - Broken pipe from ('127.0.0.1', 5190)
[27/Apr/2026 20:42:29,418] - Broken pipe from ('127.0.0.1', 5192)
[27/Apr/2026 20:46:03] "GET /api/tenants/lola/ HTTP/1.1" 200 417
[27/Apr/2026 20:46:03] "GET /api/tenants/lola/ HTTP/1.1" 200 417
[27/Apr/2026 20:46:03] "GET /api/sites/by-slug/lola/ HTTP/1.1" 200 498
[27/Apr/2026 20:46:03] "GET /api/sites/by-slug/lola/ HTTP/1.1" 200 498
[27/Apr/2026 20:46:03] "GET /api/sites/by-slug/lola/ HTTP/1.1" 200 498
[27/Apr/2026 20:48:20] "GET /api/sites/by-slug/gulasal/ HTTP/1.1" 200 530
[27/Apr/2026 20:48:20] "GET /api/tenants/ HTTP/1.1" 200 1266
[27/Apr/2026 20:48:20,474] - Broken pipe from ('127.0.0.1', 13068)
[27/Apr/2026 20:48:20] "GET /api/tenants/gulasal/ HTTP/1.1" 200 424
[27/Apr/2026 20:48:20] "GET /api/sites/by-slug/gulasal/ HTTP/1.1" 200 530
[27/Apr/2026 20:48:43] "GET /api/tenants/ HTTP/1.1" 200 1266
[27/Apr/2026 20:48:44] "GET /api/tenants/gulasal/ HTTP/1.1" 200 424
[27/Apr/2026 20:48:44] "GET /api/sites/by-slug/gulasal/ HTTP/1.1" 200 530
[27/Apr/2026 20:56:30] "GET /api/sites/by-slug/lola/ HTTP/1.1" 200 2368
[27/Apr/2026 20:56:30] "GET /api/sites/by-slug/gulasal/ HTTP/1.1" 200 4436
[27/Apr/2026 20:56:30] "GET /api/sites/by-slug/sabina/ HTTP/1.1" 200 3527
[27/Apr/2026 20:56:31,303] - Broken pipe from ('127.0.0.1', 9035)
[27/Apr/2026 20:56:31,314] - Broken pipe from ('127.0.0.1', 9036)
[27/Apr/2026 20:56:31,360] - Broken pipe from ('127.0.0.1', 9039)
[27/Apr/2026 20:56:48] "GET /api/tenants/lola/ HTTP/1.1" 200 417
[27/Apr/2026 20:56:48] "GET /api/sites/by-slug/lola/ HTTP/1.1" 200 2368
[27/Apr/2026 20:56:50] "OPTIONS /api/sites/1/ HTTP/1.1" 200 0
[27/Apr/2026 20:56:50] "PATCH /api/sites/1/ HTTP/1.1" 200 2368
D:\Programming\QR\backend\config\settings.py changed, reloading.
Watching for file changes with StatReloader
[27/Apr/2026 20:57:37] "GET /api/tenants/lola/ HTTP/1.1" 200 235
[27/Apr/2026 20:57:37] "GET /api/sites/by-slug/lola/ HTTP/1.1" 200 1056
[27/Apr/2026 20:58:13] "GET /api/sites/by-slug/lola/ HTTP/1.1" 200 2368
[27/Apr/2026 20:58:13] "GET /api/sites/by-slug/gulasal/ HTTP/1.1" 200 1847
[27/Apr/2026 20:58:13] "GET /api/tenants/lola/ HTTP/1.1" 200 230
[27/Apr/2026 20:58:13,317] - Broken pipe from ('127.0.0.1', 10326)
[27/Apr/2026 20:58:13] "GET /api/sites/by-slug/lola/ HTTP/1.1" 200 1070
[27/Apr/2026 21:01:33] "GET /api/sites/by-slug/sabina/ HTTP/1.1" 200 1524
[27/Apr/2026 21:01:33] "GET /api/sites/by-slug/gulasal/ HTTP/1.1" 200 1785
[27/Apr/2026 21:01:55] "GET /api/sites/by-slug/sabina/ HTTP/1.1" 200 1547
[27/Apr/2026 21:01:55] "GET /api/sites/by-slug/gulasal/ HTTP/1.1" 200 1823
[27/Apr/2026 21:02:07] "GET /api/sites/by-slug/sabina/ HTTP/1.1" 200 1495
[27/Apr/2026 21:02:42] "GET /api/sites/by-slug/lola/ HTTP/1.1" 200 1085
[27/Apr/2026 21:02:45] "GET /api/sites/by-slug/sabina/ HTTP/1.1" 200 1500
[27/Apr/2026 21:02:49] "GET /api/sites/by-slug/sabina/ HTTP/1.1" 200 1539
[27/Apr/2026 21:02:50] "GET /api/sites/by-slug/sabina/ HTTP/1.1" 200 1509
[27/Apr/2026 21:02:52] "GET /api/sites/by-slug/sabina/ HTTP/1.1" 200 1457
[27/Apr/2026 21:02:54] "GET /api/sites/by-slug/gulasal/ HTTP/1.1" 200 1793
[27/Apr/2026 21:02:56] "GET /api/sites/by-slug/gulasal/ HTTP/1.1" 200 1791
[27/Apr/2026 21:02:58] "GET /api/sites/by-slug/gulasal/ HTTP/1.1" 200 1829
[27/Apr/2026 21:03:02] "GET /api/sites/by-slug/gulasal/ HTTP/1.1" 200 1787
[27/Apr/2026 21:03:06] "GET /api/sites/by-slug/gulasal/ HTTP/1.1" 200 1834
